   kworker/u32:4-189   [002] ....   124.037225: device_pm_callback_start: usb 3-2.2, parent: 3-2, type [suspend]
 analyze_suspend-2488  [003] ....   124.037225: device_pm_callback_start: platform regulatory.0, parent: platform, bus [suspend]
 analyze_suspend-2488  [003] ....   124.037226: device_pm_callback_end: platform regulatory.0, err=0
   kworker/u32:6-2534  [000] d...   124.037228: schedule_timeout_ret: (wait_for_completion_killable+0xa5/0x1e0 <- schedule_timeout) arg1=0x7fffffffffffffff
 analyze_suspend-2488  [003] ....   124.037232: device_pm_callback_start: platform iTCO_wdt.0.auto, parent: 0000:00:1f.0, bus [suspend]
 analyze_suspend-2488  [003] ....   124.037232: device_pm_callback_end: platform iTCO_wdt.0.auto, err=0
 analyze_suspend-2488  [003] ....   124.037235: device_pm_callback_start: input input5, parent: serio1, type [suspend]
 analyze_suspend-2488  [003] ....   124.037235: device_pm_callback_end: input input5, err=0
   kworker/u32:7-2535  [001] d...   124.037237: schedule_timeout_cal: (schedule_timeout+0x0/0x3c0) timeout=-1
   kworker/u32:1-49    [001] d...   124.037247: schedule_timeout_ret: (io_schedule_timeout+0xa4/0x110 <- schedule_timeout) arg1=0x3a98
   kworker/u32:1-49    [001] ....   124.037250: device_pm_callback_end: sd 4:0:0:0, err=0
   kworker/u32:6-2534  [000] d...   124.037252: schedule_timeout_cal: (schedule_timeout+0x0/0x3c0) timeout=-1
   kworker/u32:1-49    [001] ....   124.037254: device_pm_callback_start: ieee80211 phy0, parent: 0000:02:00.0, class [suspend]
   kworker/u32:2-72    [001] d...   124.037264: schedule_timeout_ret: (wait_for_completion+0xa5/0x110 <- schedule_timeout) arg1=0x7fffffffffffffff
 analyze_suspend-2488  [003] ....   124.037265: device_pm_callback_start: platform microcode, parent: platform, bus [suspend]
   kworker/u32:2-72    [001] ....   124.037265: device_pm_callback_start: scsi target4:0:0, parent: host4, bus [suspend]
   kworker/u32:2-72    [001] ....   124.037265: device_pm_callback_end: scsi target4:0:0, err=0
 analyze_suspend-2488  [003] ....   124.037265: device_pm_callback_end: platform microcode, err=0
 analyze_suspend-2488  [003] ....   124.037267: device_pm_callback_start: leds input3::scrolllock, parent: input3, class [suspend]
 analyze_suspend-2488  [003] ....   124.037268: device_pm_callback_end: leds input3::scrolllock, err=0
   kworker/u32:0-6     [000] d...   124.037268: schedule_timeout_ret: (wait_for_completion+0xa5/0x110 <- schedule_timeout) arg1=0x7fffffffffffffff
   kworker/u32:2-72    [001] ....   124.037268: device_pm_callback_start: snd_hda_codec_hdmi hdaudioC0D3, parent: 0000:00:1b.0, driver [suspend]
 analyze_suspend-2488  [003] ....   124.037268: device_pm_callback_start: leds input3::capslock, parent: input3, class [suspend]
 analyze_suspend-2488  [003] ....   124.037269: device_pm_callback_end: leds input3::capslock, err=0
   kworker/u32:0-6     [000] ....   124.037269: device_pm_callback_start: scsi host4, parent: 3-2.1:1.0, bus [suspend]
 analyze_suspend-2488  [003] ....   124.037269: device_pm_callback_start: leds input3::numlock, parent: input3, class [suspend]
 analyze_suspend-2488  [003] ....   124.037270: device_pm_callback_end: leds input3::numlock, err=0
   kworker/u32:0-6     [000] ....   124.037270: device_pm_callback_end: scsi host4, err=0
 analyze_suspend-2488  [003] ....   124.037270: device_pm_callback_start: input input3, parent: serio0, type [suspend]
   kworker/u32:2-72    [001] d...   124.037271: msleep_cal: (msleep+0x0/0x40) time=10
 analyze_suspend-2488  [003] ....   124.037271: device_pm_callback_end: input input3, err=0
   kworker/u32:2-72    [001] d...   124.037271: schedule_timeout_cal: (schedule_timeout+0x0/0x3c0) timeout=4
 analyze_suspend-2488  [003] ....   124.037272: device_pm_callback_start: rtc rtc0, parent: 00:02, class [suspend]
 analyze_suspend-2488  [003] ....   124.037272: device_pm_callback_end: rtc rtc0, err=0
   kworker/u32:0-6     [000] ....   124.037273: device_pm_callback_start: snd_hda_codec_realtek hdaudioC0D0, parent: 0000:00:1b.0, driver [suspend]
   kworker/u32:3-98    [002] d...   124.037273: schedule_timeout_ret: (wait_for_completion+0xa5/0x110 <- schedule_timeout) arg1=0x7fffffffffffffff
 analyze_suspend-2488  [003] ....   124.037275: device_pm_callback_start: psmouse serio1, parent: i8042, bus [suspend]
     kworker/1:1-50    [001] d...   124.037279: schedule_timeout_cal: (schedule_timeout+0x0/0x3c0) timeout=15000
   kworker/u32:5-192   [002] d...   124.037280: schedule_timeout_ret: (wait_for_completion+0xa5/0x110 <- schedule_timeout) arg1=0x7fffffffffffffff
   kworker/u32:5-192   [002] ....   124.037281: device_pm_callback_start: usb 3-2.1, parent: 3-2, type [suspend]
   kworker/u32:7-2535  [001] d...   124.037281: schedule_timeout_ret: (wait_for_completion_killable+0xa5/0x1e0 <- schedule_timeout) arg1=0x7fffffffffffffff
   kworker/u32:5-192   [002] ....   124.037283: device_pm_callback_end: usb 3-2.1, err=0
   kworker/u32:0-6     [000] dN..   124.037284: udelay_cal: (__const_udelay+0x0/0x30) loops=42950
 analyze_suspend-2488  [003] d...   124.037284: udelay_cal: (__const_udelay+0x0/0x30) loops=214750
   kworker/u32:7-2535  [001] d...   124.037290: schedule_timeout_cal: (schedule_timeout+0x0/0x3c0) timeout=-1
   kworker/u32:7-2535  [001] d...   124.037290: schedule_timeout_ret: (wait_for_completion+0xa5/0x110 <- schedule_timeout) arg1=0x7fffffffffffffff
   kworker/u32:7-2535  [001] ....   124.037292: device_pm_callback_start: usb 2-1.6, parent: 2-1, type [suspend]
   kworker/u32:5-192   [002] ....   124.037294: device_pm_callback_start: usb 2-1.5, parent: 2-1, type [suspend]
   kworker/u32:5-192   [002] ....   124.037294: device_pm_callback_end: usb 2-1.5, err=0
   kworker/u32:0-6     [000] dN..   124.037294: udelay_ret: (azx_rirb_get_response+0xb3/0x280 [snd_hda_codec] <- __const_udelay) arg1=0x4f5185e74f
   kworker/u32:0-6     [000] d...   124.037295: udelay_cal: (__const_udelay+0x0/0x30) loops=42950
   kworker/u32:5-192   [002] d...   124.037297: schedule_timeout_cal: (schedule_timeout+0x0/0x3c0) timeout=-1
   kworker/u32:3-98    [002] d...   124.037301: schedule_timeout_cal: (schedule_timeout+0x0/0x3c0) timeout=-1
   kworker/u32:5-192   [002] d...   124.037302: schedule_timeout_ret: (wait_for_completion+0xa5/0x110 <- schedule_timeout) arg1=0x7fffffffffffffff
   kworker/u32:3-98    [001] d...   124.037305: schedule_timeout_ret: (wait_for_completion+0xa5/0x110 <- schedule_timeout) arg1=0x7fffffffffffffff
   kworker/u32:0-6     [000] d...   124.037305: udelay_ret: (azx_rirb_get_response+0xb3/0x280 [snd_hda_codec] <- __const_udelay) arg1=0x4f518656d8
   kworker/u32:0-6     [000] d...   124.037306: udelay_cal: (__const_udelay+0x0/0x30) loops=42950
   kworker/u32:3-98    [001] ....   124.037306: device_pm_callback_start: usb 1-1.4, parent: 1-1, type [suspend]
   kworker/u32:5-192   [002] ....   124.037308: device_pm_callback_start: usb 1-1.1, parent: 1-1, type [suspend]
   kworker/u32:3-98    [001] ....   124.037310: device_pm_callback_end: usb 1-1.4, err=0
   kworker/u32:3-98    [001] ....   124.037313: device_pm_callback_start: sd 0:0:0:0, parent: target0:0:0, bus [suspend]
   kworker/u32:0-6     [000] d...   124.037316: udelay_ret: (azx_rirb_get_response+0xb3/0x280 [snd_hda_codec] <- __const_udelay) arg1=0x4f5186c188
   kworker/u32:0-6     [000] d...   124.037319: udelay_cal: (__const_udelay+0x0/0x30) loops=42950
   kworker/u32:3-98    [001] d...   124.037324: schedule_timeout_cal: (schedule_timeout+0x0/0x3c0) timeout=15000
   kworker/u32:0-6     [000] d...   124.037329: udelay_ret: (azx_rirb_get_response+0xb3/0x280 [snd_hda_codec] <- __const_udelay) arg1=0x4f51873bd2
   kworker/u32:0-6     [000] d...   124.037329: udelay_cal: (__const_udelay+0x0/0x30) loops=42950
   kworker/u32:8-2536  [002] d...   124.037330: schedule_timeout_cal: (schedule_timeout+0x0/0x3c0) timeout=-1
 analyze_suspend-2488  [003] d...   124.037334: udelay_ret: (i8042_wait_write+0x2e/0x60 <- __const_udelay) arg1=0x4f51876df5
   kworker/u32:3-98    [001] d...   124.037339: schedule_timeout_ret: (io_schedule_timeout+0xa4/0x110 <- schedule_timeout) arg1=0x3a98
   kworker/u32:0-6     [000] d...   124.037340: udelay_ret: (azx_rirb_get_response+0xb3/0x280 [snd_hda_codec] <- __const_udelay) arg1=0x4f5187a312
   kworker/u32:0-6     [000] d...   124.037340: udelay_cal: (__const_udelay+0x0/0x30) loops=42950
 analyze_suspend-2488  [003] d...   124.037343: schedule_timeout_cal: (schedule_timeout+0x0/0x3c0) timeout=50
   kworker/u32:3-98    [001] d...   124.037344: schedule_timeout_cal: (schedule_timeout+0x0/0x3c0) timeout=15000
     kworker/1:1-50    [001] d...   124.037345: schedule_timeout_ret: (wait_rcu_exp_gp+0x2c0/0x8c0 <- schedule_timeout) arg1=0x3a98
   kworker/u32:0-6     [000] d...   124.037350: udelay_ret: (azx_rirb_get_response+0xb3/0x280 [snd_hda_codec] <- __const_udelay) arg1=0x4f51880b3b
   kworker/u32:0-6     [000] d...   124.037351: udelay_cal: (__const_udelay+0x0/0x30) loops=42950
   kworker/u32:1-49    [002] d...   124.037352: iwlagn_mac_flush_cal: (iwlagn_mac_flush+0x0/0x1d0 [iwldvm])
   kworker/u32:1-49    [002] d...   124.037356: schedule_timeout_cal: (schedule_timeout+0x0/0x3c0) timeout=500
   kworker/u32:0-6     [000] d...   124.037361: udelay_ret: (azx_rirb_get_response+0xb3/0x280 [snd_hda_codec] <- __const_udelay) arg1=0x4f51887229
   kworker/u32:0-6     [000] d...   124.037363: udelay_cal: (__const_udelay+0x0/0x30) loops=42950
   kworker/u32:8-2536  [003] d...   124.037363: schedule_timeout_ret: (wait_for_completion_killable+0xa5/0x1e0 <- schedule_timeout) arg1=0x7fffffffffffffff
   kworker/u32:8-2536  [003] d...   124.037368: schedule_timeout_cal: (schedule_timeout+0x0/0x3c0) timeout=-1
   kworker/u32:0-6     [000] d...   124.037373: udelay_ret: (azx_rirb_get_response+0xb3/0x280 [snd_hda_codec] <- __const_udelay) arg1=0x4f5188ea41
   kworker/u32:0-6     [000] d...   124.037373: udelay_cal: (__const_udelay+0x0/0x30) loops=42950
   kworker/u32:9-2537  [002] d...   124.037373: schedule_timeout_cal: (schedule_timeout+0x0/0x3c0) timeout=-1
   kworker/u32:0-6     [000] d...   124.037383: udelay_ret: (azx_rirb_get_response+0xb3/0x280 [snd_hda_codec] <- __const_udelay) arg1=0x4f51894f7c
   kworker/u32:0-6     [000] d...   124.037384: udelay_cal: (__const_udelay+0x0/0x30) loops=42950
   kworker/u32:0-6     [000] d...   124.037394: udelay_ret: (azx_rirb_get_response+0xb3/0x280 [snd_hda_codec] <- __const_udelay) arg1=0x4f5189b4bf
   kworker/u32:0-6     [000] d...   124.037399: udelay_cal: (__const_udelay+0x0/0x30) loops=42950
   kworker/u32:9-2537  [002] d...   124.037406: schedule_timeout_ret: (wait_for_completion_killable+0xa5/0x1e0 <- schedule_timeout) arg1=0x7fffffffffffffff
   kworker/u32:0-6     [000] d...   124.037410: udelay_ret: (azx_rirb_get_response+0xb3/0x280 [snd_hda_codec] <- __const_udelay) arg1=0x4f518a4cf4
   kworker/u32:0-6     [000] d...   124.037410: udelay_cal: (__const_udelay+0x0/0x30) loops=42950
  kworker/u32:10-2538  [001] d...   124.037412: schedule_timeout_cal: (schedule_timeout+0x0/0x3c0) timeout=-1
   kworker/u32:9-2537  [002] d...   124.037415: schedule_timeout_cal: (schedule_timeout+0x0/0x3c0) timeout=-1
   kworker/u32:0-6     [000] d...   124.037420: udelay_ret: (azx_rirb_get_response+0xb3/0x280 [snd_hda_codec] <- __const_udelay) arg1=0x4f518ab59e
   kworker/u32:0-6     [000] d...   124.037421: udelay_cal: (__const_udelay+0x0/0x30) loops=42950
  kworker/u32:10-2538  [002] d...   124.037426: schedule_timeout_ret: (wait_for_completion_killable+0xa5/0x1e0 <- schedule_timeout) arg1=0x7fffffffffffffff
   kworker/u32:0-6     [000] d...   124.037431: udelay_ret: (azx_rirb_get_response+0xb3/0x280 [snd_hda_codec] <- __const_udelay) arg1=0x4f518b1c6f
   kworker/u32:0-6     [000] d...   124.037431: udelay_cal: (__const_udelay+0x0/0x30) loops=42950
  kworker/u32:11-2539  [001] d...   124.037431: schedule_timeout_cal: (schedule_timeout+0x0/0x3c0) timeout=-1
  kworker/u32:10-2538  [002] ....   124.037433: device_pm_callback_start: usb 3-3, parent: usb3, type [suspend]
   kworker/u32:0-6     [000] d...   124.037442: udelay_ret: (azx_rirb_get_response+0xb3/0x280 [snd_hda_codec] <- __const_udelay) arg1=0x4f518b8610
  kworker/u32:10-2538  [002] d...   124.037442: schedule_timeout_cal: (schedule_timeout+0x0/0x3c0) timeout=1
   kworker/u32:0-6     [000] d...   124.037444: udelay_cal: (__const_udelay+0x0/0x30) loops=42950
  kworker/u32:11-2539  [002] d...   124.037452: schedule_timeout_ret: (wait_for_completion_killable+0xa5/0x1e0 <- schedule_timeout) arg1=0x7fffffffffffffff
   kworker/u32:0-6     [000] d...   124.037454: udelay_ret: (azx_rirb_get_response+0xb3/0x280 [snd_hda_codec] <- __const_udelay) arg1=0x4f518bfc60
   kworker/u32:0-6     [000] d...   124.037454: udelay_cal: (__const_udelay+0x0/0x30) loops=42950
  kworker/u32:12-2540  [001] d...   124.037458: schedule_timeout_cal: (schedule_timeout+0x0/0x3c0) timeout=-1
  kworker/u32:11-2539  [002] d...   124.037460: schedule_timeout_cal: (schedule_timeout+0x0/0x3c0) timeout=-1
   kworker/u32:0-6     [000] d...   124.037464: udelay_ret: (azx_rirb_get_response+0xb3/0x280 [snd_hda_codec] <- __const_udelay) arg1=0x4f518c62f3
   kworker/u32:0-6     [000] d...   124.037465: udelay_cal: (__const_udelay+0x0/0x30) loops=42950
   kworker/u32:1-49    [002] d...   124.037469: schedule_timeout_ret: (iwl_trans_pcie_send_hcmd+0x2cd/0x5b0 [iwlwifi] <- schedule_timeout) arg1=0x1f4
   kworker/u32:1-49    [002] d...   124.037471: iwlagn_mac_flush_ret: (__ieee80211_flush_queues+0xb8/0x1d0 [mac80211] <- iwlagn_mac_flush) arg1=0xffffa05040843be8
   kworker/u32:0-6     [000] d...   124.037475: udelay_ret: (azx_rirb_get_response+0xb3/0x280 [snd_hda_codec] <- __const_udelay) arg1=0x4f518cc92b
   kworker/u32:0-6     [000] d...   124.037475: udelay_cal: (__const_udelay+0x0/0x30) loops=42950
   kworker/u32:1-49    [002] d...   124.037475: iwlagn_mac_remove_interface_cal: (iwlagn_mac_remove_interface+0x0/0xb0 [iwldvm])
   kworker/u32:1-49    [002] d...   124.037479: schedule_timeout_cal: (schedule_timeout+0x0/0x3c0) timeout=500
   kworker/u32:0-6     [000] d...   124.037487: udelay_ret: (azx_rirb_get_response+0xb3/0x280 [snd_hda_codec] <- __const_udelay) arg1=0x4f518d3ecd
   kworker/u32:0-6     [000] d...   124.037489: udelay_cal: (__const_udelay+0x0/0x30) loops=42950
  kworker/u32:12-2540  [002] d...   124.037492: schedule_timeout_ret: (wait_for_completion_killable+0xa5/0x1e0 <- schedule_timeout) arg1=0x7fffffffffffffff
  kworker/u32:12-2540  [002] ....   124.037495: device_pm_callback_start: scsi host3, parent: ata4, bus [suspend]
  kworker/u32:12-2540  [002] ....   124.037496: device_pm_callback_end: scsi host3, err=0
  kworker/u32:13-2541  [001] d...   124.037497: schedule_timeout_cal: (schedule_timeout+0x0/0x3c0) timeout=-1
  kworker/u32:12-2540  [002] ....   124.037497: device_pm_callback_start: scsi host2, parent: ata3, bus [suspend]
  kworker/u32:12-2540  [002] ....   124.037497: device_pm_callback_end: scsi host2, err=0
  kworker/u32:12-2540  [002] ....   124.037499: device_pm_callback_start: scsi host1, parent: ata2, bus [suspend]
  kworker/u32:12-2540  [002] ....   124.037499: device_pm_callback_end: scsi host1, err=0
   kworker/u32:0-6     [000] d...   124.037499: udelay_ret: (azx_rirb_get_response+0xb3/0x280 [snd_hda_codec] <- __const_udelay) arg1=0x4f518db990
   kworker/u32:0-6     [000] d...   124.037500: udelay_cal: (__const_udelay+0x0/0x30) loops=42950
  kworker/u32:12-2540  [002] d...   124.037501: schedule_timeout_cal: (schedule_timeout+0x0/0x3c0) timeout=-1
  kworker/u32:13-2541  [002] d...   124.037508: schedule_timeout_ret: (wait_for_completion_killable+0xa5/0x1e0 <- schedule_timeout) arg1=0x7fffffffffffffff
   kworker/u32:0-6     [000] d...   124.037510: udelay_ret: (azx_rirb_get_response+0xb3/0x280 [snd_hda_codec] <- __const_udelay) arg1=0x4f518e2049
   kworker/u32:0-6     [000] d...   124.037510: udelay_cal: (__const_udelay+0x0/0x30) loops=42950
  kworker/u32:13-2541  [002] ....   124.037511: device_pm_callback_start:  ata4, parent: 0000:00:1f.2, type [suspend]
  kworker/u32:14-2542  [001] d...   124.037513: schedule_timeout_cal: (schedule_timeout+0x0/0x3c0) timeout=-1
   kworker/u32:0-6     [000] d...   124.037521: udelay_ret: (azx_rirb_get_response+0xb3/0x280 [snd_hda_codec] <- __const_udelay) arg1=0x4f518e887d
   kworker/u32:0-6     [000] d...   124.037524: udelay_cal: (__const_udelay+0x0/0x30) loops=42950
  kworker/u32:14-2542  [002] d...   124.037526: schedule_timeout_ret: (wait_for_completion_killable+0xa5/0x1e0 <- schedule_timeout) arg1=0x7fffffffffffffff
  kworker/u32:14-2542  [002] ....   124.037528: device_pm_callback_start:  ata3, parent: 0000:00:1f.2, type [suspend]
  kworker/u32:15-2543  [001] d...   124.037531: schedule_timeout_cal: (schedule_timeout+0x0/0x3c0) timeout=-1
   kworker/u32:0-6     [000] d...   124.037534: udelay_ret: (azx_rirb_get_response+0xb3/0x280 [snd_hda_codec] <- __const_udelay) arg1=0x4f518f0afb
   kworker/u32:0-6     [000] d...   124.037534: udelay_cal: (__const_udelay+0x0/0x30) loops=42950
  kworker/u32:14-2542  [002] ....   124.037536: device_pm_callback_end:  ata3, err=0
  kworker/u32:14-2542  [002] ....   124.037537: device_pm_callback_start:  ata2, parent: 0000:00:1f.2, type [suspend]
   kworker/u32:0-6     [000] d...   124.037545: udelay_ret: (azx_rirb_get_response+0xb3/0x280 [snd_hda_codec] <- __const_udelay) arg1=0x4f518f7165
   kworker/u32:0-6     [000] d...   124.037545: udelay_cal: (__const_udelay+0x0/0x30) loops=42950
  kworker/u32:14-2542  [002] ....   124.037545: device_pm_callback_end:  ata2, err=0
  kworker/u32:14-2542  [002] d...   124.037547: schedule_timeout_cal: (schedule_timeout+0x0/0x3c0) timeout=-1
  kworker/u32:15-2543  [001] d...   124.037548: schedule_timeout_ret: (wait_for_completion_killable+0xa5/0x1e0 <- schedule_timeout) arg1=0x7fffffffffffffff
   kworker/u32:0-6     [000] d...   124.037555: udelay_ret: (azx_rirb_get_response+0xb3/0x280 [snd_hda_codec] <- __const_udelay) arg1=0x4f518fda61
   kworker/u32:0-6     [000] d...   124.037556: udelay_cal: (__const_udelay+0x0/0x30) loops=42950
   kworker/u32:0-6     [000] d...   124.037566: udelay_ret: (azx_rirb_get_response+0xb3/0x280 [snd_hda_codec] <- __const_udelay) arg1=0x4f519040dd
   kworker/u32:0-6     [000] d...   124.037568: udelay_cal: (__const_udelay+0x0/0x30) loops=42950
   kworker/u32:0-6     [000] d...   124.037578: udelay_ret: (azx_rirb_get_response+0xb3/0x280 [snd_hda_codec] <- __const_udelay) arg1=0x4f5190b636
   kworker/u32:0-6     [000] d...   124.037578: udelay_cal: (__const_udelay+0x0/0x30) loops=42950
   kworker/u32:0-6     [000] d...   124.037588: udelay_ret: (azx_rirb_get_response+0xb3/0x280 [snd_hda_codec] <- __const_udelay) arg1=0x4f51911b01
   kworker/u32:0-6     [000] d...   124.037589: udelay_cal: (__const_udelay+0x0/0x30) loops=42950
   kworker/u32:0-6     [000] d...   124.037599: udelay_ret: (azx_rirb_get_response+0xb3/0x280 [snd_hda_codec] <- __const_udelay) arg1=0x4f51918024
   kworker/u32:0-6     [000] d...   124.037599: udelay_cal: (__const_udelay+0x0/0x30) loops=42950
   kworker/u32:0-6     [000] d...   124.037609: udelay_ret: (azx_rirb_get_response+0xb3/0x280 [snd_hda_codec] <- __const_udelay) arg1=0x4f5191e4e3
   kworker/u32:0-6     [000] d...   124.037611: udelay_cal: (__const_udelay+0x0/0x30) loops=42950
   kworker/u32:0-6     [000] d...   124.037621: udelay_ret: (azx_rirb_get_response+0xb3/0x280 [snd_hda_codec] <- __const_udelay) arg1=0x4f51925cc3
   kworker/u32:0-6     [000] d...   124.037621: udelay_cal: (__const_udelay+0x0/0x30) loops=42950
   kworker/u32:0-6     [000] d...   124.037632: udelay_ret: (azx_rirb_get_response+0xb3/0x280 [snd_hda_codec] <- __const_udelay) arg1=0x4f5192c18b
   kworker/u32:0-6     [000] d...   124.037632: udelay_cal: (__const_udelay+0x0/0x30) loops=42950
   kworker/u32:0-6     [000] d...   124.037642: udelay_ret: (azx_rirb_get_response+0xb3/0x280 [snd_hda_codec] <- __const_udelay) arg1=0x4f5193264b
   kworker/u32:0-6     [000] d...   124.037642: udelay_cal: (__const_udelay+0x0/0x30) loops=42950
   kworker/u32:0-6     [000] d...   124.037652: udelay_ret: (azx_rirb_get_response+0xb3/0x280 [snd_hda_codec] <- __const_udelay) arg1=0x4f51938b13
   kworker/u32:0-6     [000] d...   124.037655: udelay_cal: (__const_udelay+0x0/0x30) loops=42950
   kworker/u32:0-6     [000] d...   124.037665: udelay_ret: (azx_rirb_get_response+0xb3/0x280 [snd_hda_codec] <- __const_udelay) arg1=0x4f51940383
   kworker/u32:0-6     [000] d...   124.037665: udelay_cal: (__const_udelay+0x0/0x30) loops=42950
   kworker/u32:0-6     [000] d...   124.037675: udelay_ret: (azx_rirb_get_response+0xb3/0x280 [snd_hda_codec] <- __const_udelay) arg1=0x4f51946848
   kworker/u32:0-6     [000] d...   124.037675: udelay_cal: (__const_udelay+0x0/0x30) loops=42950
   kworker/u32:0-6     [000] d...   124.037685: udelay_ret: (azx_rirb_get_response+0xb3/0x280 [snd_hda_codec] <- __const_udelay) arg1=0x4f5194cd01
   kworker/u32:0-6     [000] d...   124.037686: udelay_cal: (__const_udelay+0x0/0x30) loops=42950
   kworker/u32:0-6     [000] d...   124.037696: udelay_ret: (azx_rirb_get_response+0xb3/0x280 [snd_hda_codec] <- __const_udelay) arg1=0x4f51953239
   kworker/u32:1-49    [002] d...   124.037700: schedule_timeout_ret: (iwl_trans_pcie_send_hcmd+0x2cd/0x5b0 [iwlwifi] <- schedule_timeout) arg1=0x1f4
   kworker/u32:0-6     [000] d...   124.037702: udelay_cal: (__const_udelay+0x0/0x30) loops=42950
   kworker/u32:1-49    [002] d...   124.037704: schedule_timeout_cal: (schedule_timeout+0x0/0x3c0) timeout=500
  kworker/u32:16-2544  [002] d...   124.037711: mutex_lock_slowpath_cal: (__mutex_lock_slowpath+0x0/0x110)
   kworker/u32:0-6     [000] d...   124.037712: udelay_ret: (azx_rirb_get_response+0xb3/0x280 [snd_hda_codec] <- __const_udelay) arg1=0x4f5195cdae
   kworker/u32:0-6     [000] d...   124.037712: udelay_cal: (__const_udelay+0x0/0x30) loops=42950
   kworker/u32:0-6     [000] d...   124.037722: udelay_ret: (azx_rirb_get_response+0xb3/0x280 [snd_hda_codec] <- __const_udelay) arg1=0x4f519633b7
   kworker/u32:0-6     [000] d...   124.037722: udelay_cal: (__const_udelay+0x0/0x30) loops=42950
   kworker/u32:0-6     [000] d...   124.037732: udelay_ret: (azx_rirb_get_response+0xb3/0x280 [snd_hda_codec] <- __const_udelay) arg1=0x4f5196986a
   kworker/u32:0-6     [000] d...   124.037733: udelay_cal: (__const_udelay+0x0/0x30) loops=42950
   kworker/u32:0-6     [000] d...   124.037743: udelay_ret: (azx_rirb_get_response+0xb3/0x280 [snd_hda_codec] <- __const_udelay) arg1=0x4f5196fd6a
   kworker/u32:0-6     [000] d...   124.037743: udelay_cal: (__const_udelay+0x0/0x30) loops=42950
   kworker/u32:0-6     [000] d...   124.037753: udelay_ret: (azx_rirb_get_response+0xb3/0x280 [snd_hda_codec] <- __const_udelay) arg1=0x4f51976226
   kworker/u32:0-6     [000] d...   124.037753: udelay_cal: (__const_udelay+0x0/0x30) loops=42950
   kworker/u32:0-6     [000] d...   124.037764: udelay_ret: (azx_rirb_get_response+0xb3/0x280 [snd_hda_codec] <- __const_udelay) arg1=0x4f5197c735
   kworker/u32:0-6     [000] d...   124.037764: udelay_cal: (__const_udelay+0x0/0x30) loops=42950
   kworker/u32:0-6     [000] d...   124.037774: udelay_ret: (azx_rirb_get_response+0xb3/0x280 [snd_hda_codec] <- __const_udelay) arg1=0x4f51982bfa
   kworker/u32:0-6     [000] d...   124.037776: udelay_cal: (__const_udelay+0x0/0x30) loops=42950
   kworker/u32:0-6     [000] d...   124.037786: udelay_ret: (azx_rirb_get_response+0xb3/0x280 [snd_hda_codec] <- __const_udelay) arg1=0x4f5198a12a
   kworker/u32:0-6     [000] d...   124.037786: udelay_cal: (__const_udelay+0x0/0x30) loops=42950
   kworker/u32:0-6     [000] d...   124.037796: udelay_ret: (azx_rirb_get_response+0xb3/0x280 [snd_hda_codec] <- __const_udelay) arg1=0x4f519905f2
   kworker/u32:0-6     [000] d...   124.037796: udelay_cal: (__const_udelay+0x0/0x30) loops=42950
   kworker/u32:0-6     [000] d...   124.037807: udelay_ret: (azx_rirb_get_response+0xb3/0x280 [snd_hda_codec] <- __const_udelay) arg1=0x4f51996aba
   kworker/u32:0-6     [000] d...   124.037807: udelay_cal: (__const_udelay+0x0/0x30) loops=42950
   kworker/u32:0-6     [000] d...   124.037817: udelay_ret: (azx_rirb_get_response+0xb3/0x280 [snd_hda_codec] <- __const_udelay) arg1=0x4f5199cf7f
   kworker/u32:0-6     [000] d...   124.037819: udelay_cal: (__const_udelay+0x0/0x30) loops=42950
   kworker/u32:1-49    [002] d...   124.037825: schedule_timeout_ret: (iwl_trans_pcie_send_hcmd+0x2cd/0x5b0 [iwlwifi] <- schedule_timeout) arg1=0x1f4
   kworker/u32:1-49    [002] d...   124.037827: schedule_timeout_cal: (schedule_timeout+0x0/0x3c0) timeout=500
   kworker/u32:0-6     [000] d...   124.037829: udelay_ret: (azx_rirb_get_response+0xb3/0x280 [snd_hda_codec] <- __const_udelay) arg1=0x4f519a45db
   kworker/u32:0-6     [000] d...   124.037829: udelay_cal: (__const_udelay+0x0/0x30) loops=42950
   kworker/u32:0-6     [000] d...   124.037840: udelay_ret: (azx_rirb_get_response+0xb3/0x280 [snd_hda_codec] <- __const_udelay) arg1=0x4f519aac36
   kworker/u32:0-6     [000] d...   124.037840: udelay_cal: (__const_udelay+0x0/0x30) loops=42950
   kworker/u32:0-6     [000] d...   124.037850: udelay_ret: (azx_rirb_get_response+0xb3/0x280 [snd_hda_codec] <- __const_udelay) arg1=0x4f519b10fe
   kworker/u32:0-6     [000] d...   124.037850: udelay_cal: (__const_udelay+0x0/0x30) loops=42950
   kworker/u32:0-6     [000] d...   124.037860: udelay_ret: (azx_rirb_get_response+0xb3/0x280 [snd_hda_codec] <- __const_udelay) arg1=0x4f519b75b1
   kworker/u32:0-6     [000] d...   124.037864: udelay_cal: (__const_udelay+0x0/0x30) loops=42950
   kworker/u32:0-6     [000] d...   124.037874: udelay_ret: (azx_rirb_get_response+0xb3/0x280 [snd_hda_codec] <- __const_udelay) arg1=0x4f519bf99f
   kworker/u32:0-6     [000] d...   124.037874: udelay_cal: (__const_udelay+0x0/0x30) loops=42950
   kworker/u32:0-6     [000] d...   124.037884: udelay_ret: (azx_rirb_get_response+0xb3/0x280 [snd_hda_codec] <- __const_udelay) arg1=0x4f519c5e61
   kworker/u32:0-6     [000] d...   124.037884: udelay_cal: (__const_udelay+0x0/0x30) loops=42950
   kworker/u32:0-6     [000] d...   124.037894: udelay_ret: (azx_rirb_get_response+0xb3/0x280 [snd_hda_codec] <- __const_udelay) arg1=0x4f519cc323
   kworker/u32:0-6     [000] d...   124.037897: udelay_cal: (__const_udelay+0x0/0x30) loops=42950
   kworker/u32:1-49    [002] d...   124.037901: schedule_timeout_ret: (iwl_trans_pcie_send_hcmd+0x2cd/0x5b0 [iwlwifi] <- schedule_timeout) arg1=0x1f4
   kworker/u32:1-49    [002] d...   124.037904: iwlagn_mac_remove_interface_ret: (drv_remove_interface+0x45/0x120 [mac80211] <- iwlagn_mac_remove_interface) arg1=0xffffa05040843c10
  kworker/u32:16-2544  [003] d...   124.037905: mutex_lock_slowpath_ret: (mutex_lock+0x1f/0x30 <- __mutex_lock_slowpath) arg1=0xffff882dc7fd0000
   kworker/u32:0-6     [000] d...   124.037907: udelay_ret: (azx_rirb_get_response+0xb3/0x280 [snd_hda_codec] <- __const_udelay) arg1=0x4f519d3e6d
   kworker/u32:0-6     [000] d...   124.037907: udelay_cal: (__const_udelay+0x0/0x30) loops=42950
   kworker/u32:0-6     [000] d...   124.037918: udelay_ret: (azx_rirb_get_response+0xb3/0x280 [snd_hda_codec] <- __const_udelay) arg1=0x4f519da426
   kworker/u32:1-49    [002] d...   124.037929: iwlagn_mac_stop_cal: (iwlagn_mac_stop+0x0/0xa0 [iwldvm])
   kworker/u32:0-6     [000] d...   124.037955: udelay_cal: (__const_udelay+0x0/0x30) loops=42950
   kworker/u32:0-6     [000] d...   124.037969: udelay_ret: (azx_rirb_get_response+0xb3/0x280 [snd_hda_codec] <- __const_udelay) arg1=0x4f519f9975
   kworker/u32:0-6     [000] d...   124.037979: udelay_cal: (__const_udelay+0x0/0x30) loops=42950
   kworker/u32:0-6     [000] d...   124.037989: udelay_ret: (azx_rirb_get_response+0xb3/0x280 [snd_hda_codec] <- __const_udelay) arg1=0x4f51a05f1d
   kworker/u32:0-6     [000] d...   124.037990: udelay_cal: (__const_udelay+0x0/0x30) loops=42950
   kworker/u32:0-6     [000] d...   124.038000: udelay_ret: (azx_rirb_get_response+0xb3/0x280 [snd_hda_codec] <- __const_udelay) arg1=0x4f51a0c4ad
   kworker/u32:1-49    [002] d...   124.038012: udelay_cal: (__const_udelay+0x0/0x30) loops=21475
   kworker/u32:0-6     [000] d...   124.038012: udelay_cal: (__const_udelay+0x0/0x30) loops=42950
   kworker/u32:1-49    [002] d...   124.038017: udelay_ret: (_iwl_trans_pcie_stop_device.part.20+0x26f/0x310 [iwlwifi] <- __const_udelay) arg1=0x4f51a16c8b
   kworker/u32:0-6     [000] d...   124.038023: udelay_ret: (azx_rirb_get_response+0xb3/0x280 [snd_hda_codec] <- __const_udelay) arg1=0x4f51a1a19c
   kworker/u32:1-49    [002] d...   124.038051: usleep_range_cal: (usleep_range+0x0/0x50) max=2000 min=1000
   kworker/u32:0-6     [000] d...   124.038055: udelay_cal: (__const_udelay+0x0/0x30) loops=42950
   kworker/u32:0-6     [000] d...   124.038065: udelay_ret: (azx_rirb_get_response+0xb3/0x280 [snd_hda_codec] <- __const_udelay) arg1=0x4f51a34259
   kworker/u32:0-6     [000] d...   124.038065: udelay_cal: (__const_udelay+0x0/0x30) loops=42950
   kworker/u32:0-6     [000] d...   124.038076: udelay_ret: (azx_rirb_get_response+0xb3/0x280 [snd_hda_codec] <- __const_udelay) arg1=0x4f51a3a759
   kworker/u32:0-6     [000] d...   124.038076: udelay_cal: (__const_udelay+0x0/0x30) loops=42950
   kworker/u32:0-6     [000] d...   124.038086: udelay_ret: (azx_rirb_get_response+0xb3/0x280 [snd_hda_codec] <- __const_udelay) arg1=0x4f51a40c24
   kworker/u32:0-6     [000] d...   124.038086: udelay_cal: (__const_udelay+0x0/0x30) loops=42950
   kworker/u32:0-6     [000] d...   124.038096: udelay_ret: (azx_rirb_get_response+0xb3/0x280 [snd_hda_codec] <- __const_udelay) arg1=0x4f51a47127
   kworker/u32:0-6     [000] d...   124.038097: udelay_cal: (__const_udelay+0x0/0x30) loops=42950
   kworker/u32:0-6     [000] d...   124.038107: udelay_ret: (azx_rirb_get_response+0xb3/0x280 [snd_hda_codec] <- __const_udelay) arg1=0x4f51a4d6ae
   kworker/u32:0-6     [000] d...   124.038112: udelay_cal: (__const_udelay+0x0/0x30) loops=42950
   kworker/u32:0-6     [000] d...   124.038122: udelay_ret: (azx_rirb_get_response+0xb3/0x280 [snd_hda_codec] <- __const_udelay) arg1=0x4f51a56b7c
   kworker/u32:0-6     [000] d...   124.038122: udelay_cal: (__const_udelay+0x0/0x30) loops=42950
   kworker/u32:0-6     [000] d...   124.038132: udelay_ret: (azx_rirb_get_response+0xb3/0x280 [snd_hda_codec] <- __const_udelay) arg1=0x4f51a5d147
   kworker/u32:0-6     [000] d...   124.038133: udelay_cal: (__const_udelay+0x0/0x30) loops=42950
   kworker/u32:0-6     [000] d...   124.038143: udelay_ret: (azx_rirb_get_response+0xb3/0x280 [snd_hda_codec] <- __const_udelay) arg1=0x4f51a637a5
   kworker/u32:0-6     [000] d...   124.038143: udelay_cal: (__const_udelay+0x0/0x30) loops=42950
   kworker/u32:0-6     [000] d...   124.038153: udelay_ret: (azx_rirb_get_response+0xb3/0x280 [snd_hda_codec] <- __const_udelay) arg1=0x4f51a69c79
   kworker/u32:0-6     [000] d...   124.038154: udelay_cal: (__const_udelay+0x0/0x30) loops=42950
   kworker/u32:0-6     [000] d...   124.038164: udelay_ret: (azx_rirb_get_response+0xb3/0x280 [snd_hda_codec] <- __const_udelay) arg1=0x4f51a701ae
   kworker/u32:0-6     [000] d...   124.038164: udelay_cal: (__const_udelay+0x0/0x30) loops=42950
   kworker/u32:0-6     [000] d...   124.038174: udelay_ret: (azx_rirb_get_response+0xb3/0x280 [snd_hda_codec] <- __const_udelay) arg1=0x4f51a76673
   kworker/u32:0-6     [000] d...   124.038174: udelay_cal: (__const_udelay+0x0/0x30) loops=42950
   kworker/u32:0-6     [000] d...   124.038184: udelay_ret: (azx_rirb_get_response+0xb3/0x280 [snd_hda_codec] <- __const_udelay) arg1=0x4f51a7cc49
   kworker/u32:0-6     [000] d...   124.038185: udelay_cal: (__const_udelay+0x0/0x30) loops=42950
   kworker/u32:0-6     [000] d...   124.038195: udelay_ret: (azx_rirb_get_response+0xb3/0x280 [snd_hda_codec] <- __const_udelay) arg1=0x4f51a8310e
   kworker/u32:0-6     [000] d...   124.038199: udelay_cal: (__const_udelay+0x0/0x30) loops=42950
   kworker/u32:0-6     [000] d...   124.038209: udelay_ret: (azx_rirb_get_response+0xb3/0x280 [snd_hda_codec] <- __const_udelay) arg1=0x4f51a8b845
   kworker/u32:0-6     [000] d...   124.038209: udelay_cal: (__const_udelay+0x0/0x30) loops=42950
   kworker/u32:0-6     [000] d...   124.038219: udelay_ret: (azx_rirb_get_response+0xb3/0x280 [snd_hda_codec] <- __const_udelay) arg1=0x4f51a91d0a
   kworker/u32:0-6     [000] d...   124.038219: udelay_cal: (__const_udelay+0x0/0x30) loops=42950
   kworker/u32:0-6     [000] d...   124.038229: udelay_ret: (azx_rirb_get_response+0xb3/0x280 [snd_hda_codec] <- __const_udelay) arg1=0x4f51a981d5
   kworker/u32:0-6     [000] d...   124.038230: udelay_cal: (__const_udelay+0x0/0x30) loops=42950
   kworker/u32:0-6     [000] d...   124.038240: udelay_ret: (azx_rirb_get_response+0xb3/0x280 [snd_hda_codec] <- __const_udelay) arg1=0x4f51a9eb0f
   kworker/u32:0-6     [000] d...   124.038240: udelay_cal: (__const_udelay+0x0/0x30) loops=42950
   kworker/u32:0-6     [000] d...   124.038250: udelay_ret: (azx_rirb_get_response+0xb3/0x280 [snd_hda_codec] <- __const_udelay) arg1=0x4f51aa4fd1
   kworker/u32:0-6     [000] d...   124.038253: msleep_cal: (msleep+0x0/0x40) time=10
   kworker/u32:0-6     [000] d...   124.038254: schedule_timeout_cal: (schedule_timeout+0x0/0x3c0) timeout=4
  kworker/u32:13-2541  [002] ....   124.038259: device_pm_callback_end:  ata4, err=0
   kworker/u32:4-189   [003] ....   124.039282: device_pm_callback_end: usb 3-2.2, err=0
   kworker/u32:6-2534  [000] d...   124.039285: schedule_timeout_ret: (wait_for_completion+0xa5/0x110 <- schedule_timeout) arg1=0x7fffffffffffffff
   kworker/u32:6-2534  [000] ....   124.039287: device_pm_callback_start: usb 3-2, parent: usb3, type [suspend]
  kworker/u32:10-2538  [002] d...   124.039292: schedule_timeout_ret: (wait_skb_queue_empty+0x45/0x90 [usbnet] <- schedule_timeout) arg1=0x1
   kworker/u32:6-2534  [000] ....   124.039321: device_pm_callback_end: usb 3-2, err=0
  kworker/u32:10-2538  [001] ....   124.039331: device_pm_callback_end: usb 3-3, err=0
   kworker/u32:5-192   [000] ....   124.039449: device_pm_callback_end: usb 1-1.1, err=0
  kworker/u32:11-2539  [002] d...   124.039451: schedule_timeout_ret: (wait_for_completion+0xa5/0x110 <- schedule_timeout) arg1=0x7fffffffffffffff
  kworker/u32:11-2539  [002] ....   124.039452: device_pm_callback_start: usb 1-1, parent: usb1, type [suspend]
   kworker/u32:1-49    [002] d...   124.039739: usleep_range_ret: (iwl_pcie_apm_stop+0xff/0x400 [iwlwifi] <- usleep_range) arg1=0x0
   kworker/u32:1-49    [002] d...   124.039768: usleep_range_cal: (usleep_range+0x0/0x50) max=2000 min=1000
  kworker/u32:11-2539  [000] ....   124.041612: device_pm_callback_end: usb 1-1, err=0
   kworker/u32:1-49    [002] d...   124.041612: usleep_range_ret: (_iwl_trans_pcie_stop_device.part.20+0xf8/0x310 [iwlwifi] <- usleep_range) arg1=0x0
   kworker/u32:1-49    [002] d...   124.041707: iwlagn_mac_stop_ret: (drv_stop+0x33/0x100 [mac80211] <- iwlagn_mac_stop) arg1=0xffffa05040843c10
   kworker/u32:1-49    [002] ....   124.041709: device_pm_callback_end: ieee80211 phy0, err=0
       rcu_sched-7     [000] d...   124.043753: schedule_timeout_ret: (rcu_gp_kthread+0x3d6/0x820 <- schedule_timeout) arg1=0x0
       rcu_sched-7     [000] d...   124.043760: schedule_timeout_cal: (schedule_timeout+0x0/0x3c0) timeout=1
     kworker/3:4-865   [003] d...   124.045960: schedule_timeout_cal: (schedule_timeout+0x0/0x3c0) timeout=250
   kworker/u32:7-2535  [000] ....   124.045973: device_pm_callback_end: usb 2-1.6, err=0
   kworker/u32:9-2537  [002] d...   124.046015: schedule_timeout_ret: (wait_for_completion+0xa5/0x110 <- schedule_timeout) arg1=0x7fffffffffffffff
   kworker/u32:9-2537  [002] ....   124.046022: device_pm_callback_start: usb 2-1, parent: usb2, type [suspend]
     kworker/3:4-865   [003] d...   124.046153: schedule_timeout_ret: (wait_for_completion_timeout+0x9e/0x120 <- schedule_timeout) arg1=0xfa
   kworker/u32:9-2537  [002] ....   124.047828: device_pm_callback_end: usb 2-1, err=0
       rcu_sched-7     [000] d...   124.051839: schedule_timeout_ret: (rcu_gp_kthread+0x3d6/0x820 <- schedule_timeout) arg1=0x0
       rcu_sched-7     [000] d...   124.051846: schedule_timeout_cal: (schedule_timeout+0x0/0x3c0) timeout=1
   kworker/u32:2-72    [001] d...   124.055825: schedule_timeout_ret: (msleep+0x2e/0x40 <- schedule_timeout) arg1=0x0
   kworker/u32:2-72    [001] d...   124.055827: msleep_ret: (hda_set_power_state+0x144/0x150 [snd_hda_codec] <- msleep) arg1=0x0
   kworker/u32:2-72    [001] d...   124.055835: udelay_cal: (__const_udelay+0x0/0x30) loops=42950
   kworker/u32:0-6     [000] d...   124.055838: schedule_timeout_ret: (msleep+0x2e/0x40 <- schedule_timeout) arg1=0x0
   kworker/u32:0-6     [000] d...   124.055839: msleep_ret: (hda_set_power_state+0x144/0x150 [snd_hda_codec] <- msleep) arg1=0x0
   kworker/u32:0-6     [000] d...   124.055842: mutex_lock_slowpath_cal: (__mutex_lock_slowpath+0x0/0x110)
   kworker/u32:2-72    [001] d...   124.055846: udelay_ret: (azx_rirb_get_response+0xb3/0x280 [snd_hda_codec] <- __const_udelay) arg1=0x4f54480189
   kworker/u32:2-72    [001] d...   124.055846: udelay_cal: (__const_udelay+0x0/0x30) loops=42950
   kworker/u32:2-72    [001] d...   124.055857: udelay_ret: (azx_rirb_get_response+0xb3/0x280 [snd_hda_codec] <- __const_udelay) arg1=0x4f54486b53
   kworker/u32:2-72    [001] d...   124.055857: udelay_cal: (__const_udelay+0x0/0x30) loops=42950
   kworker/u32:2-72    [001] d...   124.055867: udelay_ret: (azx_rirb_get_response+0xb3/0x280 [snd_hda_codec] <- __const_udelay) arg1=0x4f5448d288
   kworker/u32:2-72    [001] d...   124.055868: udelay_cal: (__const_udelay+0x0/0x30) loops=42950
   kworker/u32:2-72    [001] d...   124.055878: udelay_ret: (azx_rirb_get_response+0xb3/0x280 [snd_hda_codec] <- __const_udelay) arg1=0x4f5449399c
   kworker/u32:0-6     [000] d...   124.055882: mutex_lock_slowpath_ret: (mutex_lock+0x1f/0x30 <- __mutex_lock_slowpath) arg1=0x1
   kworker/u32:2-72    [001] d...   124.055882: mutex_lock_slowpath_cal: (__mutex_lock_slowpath+0x0/0x110)
   kworker/u32:0-6     [000] d...   124.055885: udelay_cal: (__const_udelay+0x0/0x30) loops=42950
   kworker/u32:0-6     [000] d...   124.055895: udelay_ret: (azx_rirb_get_response+0xb3/0x280 [snd_hda_codec] <- __const_udelay) arg1=0x4f5449e48b
   kworker/u32:0-6     [000] d...   124.055896: udelay_cal: (__const_udelay+0x0/0x30) loops=42950
   kworker/u32:0-6     [000] d...   124.055913: udelay_ret: (azx_rirb_get_response+0xb3/0x280 [snd_hda_codec] <- __const_udelay) arg1=0x4f544a8ded
   kworker/u32:0-6     [000] d...   124.055913: udelay_cal: (__const_udelay+0x0/0x30) loops=42950
   kworker/u32:0-6     [000] d...   124.055923: udelay_ret: (azx_rirb_get_response+0xb3/0x280 [snd_hda_codec] <- __const_udelay) arg1=0x4f544af474
   kworker/u32:2-72    [001] d...   124.055924: mutex_lock_slowpath_ret: (mutex_lock+0x1f/0x30 <- __mutex_lock_slowpath) arg1=0x1
   kworker/u32:0-6     [000] d...   124.055924: mutex_lock_slowpath_cal: (__mutex_lock_slowpath+0x0/0x110)
   kworker/u32:0-6     [000] d...   124.055928: mutex_lock_slowpath_ret: (mutex_lock+0x1f/0x30 <- __mutex_lock_slowpath) arg1=0x1
   kworker/u32:2-72    [001] d...   124.055928: mutex_lock_slowpath_cal: (__mutex_lock_slowpath+0x0/0x110)
   kworker/u32:2-72    [001] d...   124.055930: mutex_lock_slowpath_ret: (mutex_lock+0x1f/0x30 <- __mutex_lock_slowpath) arg1=0x1
   kworker/u32:0-6     [000] d...   124.055930: mutex_lock_slowpath_cal: (__mutex_lock_slowpath+0x0/0x110)
   kworker/u32:0-6     [000] d...   124.055932: mutex_lock_slowpath_ret: (mutex_lock+0x1f/0x30 <- __mutex_lock_slowpath) arg1=0x1
   kworker/u32:2-72    [001] d...   124.055932: mutex_lock_slowpath_cal: (__mutex_lock_slowpath+0x0/0x110)
   kworker/u32:2-72    [001] d...   124.055933: mutex_lock_slowpath_ret: (mutex_lock+0x1f/0x30 <- __mutex_lock_slowpath) arg1=0x1
   kworker/u32:0-6     [000] d...   124.055933: mutex_lock_slowpath_cal: (__mutex_lock_slowpath+0x0/0x110)
   kworker/u32:0-6     [000] d...   124.055935: mutex_lock_slowpath_ret: (mutex_lock+0x1f/0x30 <- __mutex_lock_slowpath) arg1=0x1
   kworker/u32:2-72    [001] d...   124.055935: mutex_lock_slowpath_cal: (__mutex_lock_slowpath+0x0/0x110)
   kworker/u32:2-72    [001] d...   124.055937: mutex_lock_slowpath_ret: (mutex_lock+0x1f/0x30 <- __mutex_lock_slowpath) arg1=0x1
   kworker/u32:0-6     [000] d...   124.055937: mutex_lock_slowpath_cal: (__mutex_lock_slowpath+0x0/0x110)
   kworker/u32:0-6     [000] d...   124.055938: mutex_lock_slowpath_ret: (mutex_lock+0x1f/0x30 <- __mutex_lock_slowpath) arg1=0x1
   kworker/u32:2-72    [001] d...   124.055938: mutex_lock_slowpath_cal: (__mutex_lock_slowpath+0x0/0x110)
   kworker/u32:2-72    [001] d...   124.055940: mutex_lock_slowpath_ret: (mutex_lock+0x1f/0x30 <- __mutex_lock_slowpath) arg1=0x1
   kworker/u32:0-6     [000] d...   124.055940: mutex_lock_slowpath_cal: (__mutex_lock_slowpath+0x0/0x110)
   kworker/u32:0-6     [000] d...   124.055942: mutex_lock_slowpath_ret: (mutex_lock+0x1f/0x30 <- __mutex_lock_slowpath) arg1=0x1
   kworker/u32:2-72    [001] d...   124.055942: mutex_lock_slowpath_cal: (__mutex_lock_slowpath+0x0/0x110)
   kworker/u32:2-72    [001] d...   124.055943: mutex_lock_slowpath_ret: (mutex_lock+0x1f/0x30 <- __mutex_lock_slowpath) arg1=0x1
   kworker/u32:0-6     [000] d...   124.055944: mutex_lock_slowpath_cal: (__mutex_lock_slowpath+0x0/0x110)
   kworker/u32:0-6     [000] d...   124.055945: mutex_lock_slowpath_ret: (mutex_lock+0x1f/0x30 <- __mutex_lock_slowpath) arg1=0x1
   kworker/u32:2-72    [001] d...   124.055945: mutex_lock_slowpath_cal: (__mutex_lock_slowpath+0x0/0x110)
   kworker/u32:2-72    [001] d...   124.055947: mutex_lock_slowpath_ret: (mutex_lock+0x1f/0x30 <- __mutex_lock_slowpath) arg1=0x1
   kworker/u32:0-6     [000] d...   124.055947: mutex_lock_slowpath_cal: (__mutex_lock_slowpath+0x0/0x110)
   kworker/u32:2-72    [001] d...   124.055948: udelay_cal: (__const_udelay+0x0/0x30) loops=42950
   kworker/u32:2-72    [001] d...   124.055959: udelay_ret: (azx_rirb_get_response+0xb3/0x280 [snd_hda_codec] <- __const_udelay) arg1=0x4f544c4df3
   kworker/u32:2-72    [001] d...   124.055961: udelay_cal: (__const_udelay+0x0/0x30) loops=42950
   kworker/u32:2-72    [001] d...   124.055971: udelay_ret: (azx_rirb_get_response+0xb3/0x280 [snd_hda_codec] <- __const_udelay) arg1=0x4f544cc856
   kworker/u32:2-72    [001] d...   124.055972: udelay_cal: (__const_udelay+0x0/0x30) loops=42950
   kworker/u32:2-72    [001] d...   124.055982: udelay_ret: (azx_rirb_get_response+0xb3/0x280 [snd_hda_codec] <- __const_udelay) arg1=0x4f544d2f1c
   kworker/u32:2-72    [001] d...   124.055982: udelay_cal: (__const_udelay+0x0/0x30) loops=42950
   kworker/u32:2-72    [001] d...   124.055992: udelay_ret: (azx_rirb_get_response+0xb3/0x280 [snd_hda_codec] <- __const_udelay) arg1=0x4f544d96e5
   kworker/u32:2-72    [001] d...   124.055993: udelay_cal: (__const_udelay+0x0/0x30) loops=42950
   kworker/u32:2-72    [001] d...   124.056003: udelay_ret: (azx_rirb_get_response+0xb3/0x280 [snd_hda_codec] <- __const_udelay) arg1=0x4f544dfdd9
   kworker/u32:2-72    [001] d...   124.056003: udelay_cal: (__const_udelay+0x0/0x30) loops=42950
   kworker/u32:2-72    [001] d...   124.056014: udelay_ret: (azx_rirb_get_response+0xb3/0x280 [snd_hda_codec] <- __const_udelay) arg1=0x4f544e64a1
   kworker/u32:2-72    [001] d...   124.056014: udelay_cal: (__const_udelay+0x0/0x30) loops=42950
   kworker/u32:2-72    [001] d...   124.056024: udelay_ret: (azx_rirb_get_response+0xb3/0x280 [snd_hda_codec] <- __const_udelay) arg1=0x4f544ecb41
   kworker/u32:2-72    [001] d...   124.056024: udelay_cal: (__const_udelay+0x0/0x30) loops=42950
   kworker/u32:2-72    [001] d...   124.056035: udelay_ret: (azx_rirb_get_response+0xb3/0x280 [snd_hda_codec] <- __const_udelay) arg1=0x4f544f31de
   kworker/u32:2-72    [001] d...   124.056035: udelay_cal: (__const_udelay+0x0/0x30) loops=42950
   kworker/u32:2-72    [001] d...   124.056045: udelay_ret: (azx_rirb_get_response+0xb3/0x280 [snd_hda_codec] <- __const_udelay) arg1=0x4f544f98b6
   kworker/u32:2-72    [001] d...   124.056045: udelay_cal: (__const_udelay+0x0/0x30) loops=42950
   kworker/u32:2-72    [001] d...   124.056056: udelay_ret: (azx_rirb_get_response+0xb3/0x280 [snd_hda_codec] <- __const_udelay) arg1=0x4f544fff94
   kworker/u32:2-72    [001] d...   124.056056: udelay_cal: (__const_udelay+0x0/0x30) loops=42950
   kworker/u32:2-72    [001] d...   124.056066: udelay_ret: (azx_rirb_get_response+0xb3/0x280 [snd_hda_codec] <- __const_udelay) arg1=0x4f5450665d
   kworker/u32:2-72    [001] d...   124.056067: udelay_cal: (__const_udelay+0x0/0x30) loops=42950
   kworker/u32:2-72    [001] d...   124.056077: udelay_ret: (azx_rirb_get_response+0xb3/0x280 [snd_hda_codec] <- __const_udelay) arg1=0x4f5450cd32
   kworker/u32:2-72    [001] d...   124.056077: udelay_cal: (__const_udelay+0x0/0x30) loops=42950
   kworker/u32:2-72    [001] d...   124.056087: udelay_ret: (azx_rirb_get_response+0xb3/0x280 [snd_hda_codec] <- __const_udelay) arg1=0x4f545133e5
   kworker/u32:2-72    [001] d...   124.056088: udelay_cal: (__const_udelay+0x0/0x30) loops=42950
   kworker/u32:2-72    [001] d...   124.056098: udelay_ret: (azx_rirb_get_response+0xb3/0x280 [snd_hda_codec] <- __const_udelay) arg1=0x4f54519a9d
   kworker/u32:2-72    [001] d...   124.056098: udelay_cal: (__const_udelay+0x0/0x30) loops=42950
   kworker/u32:2-72    [001] d...   124.056108: udelay_ret: (azx_rirb_get_response+0xb3/0x280 [snd_hda_codec] <- __const_udelay) arg1=0x4f5452016f
   kworker/u32:2-72    [001] d...   124.056109: udelay_cal: (__const_udelay+0x0/0x30) loops=42950
   kworker/u32:2-72    [001] d...   124.056119: udelay_ret: (azx_rirb_get_response+0xb3/0x280 [snd_hda_codec] <- __const_udelay) arg1=0x4f54526819
   kworker/u32:2-72    [001] d...   124.056119: udelay_cal: (__const_udelay+0x0/0x30) loops=42950
   kworker/u32:2-72    [001] d...   124.056130: udelay_ret: (azx_rirb_get_response+0xb3/0x280 [snd_hda_codec] <- __const_udelay) arg1=0x4f5452cece
   kworker/u32:2-72    [001] d...   124.056130: udelay_cal: (__const_udelay+0x0/0x30) loops=42950
   kworker/u32:2-72    [001] d...   124.056140: udelay_ret: (azx_rirb_get_response+0xb3/0x280 [snd_hda_codec] <- __const_udelay) arg1=0x4f5453358d
   kworker/u32:2-72    [001] d...   124.056140: udelay_cal: (__const_udelay+0x0/0x30) loops=42950
   kworker/u32:2-72    [001] d...   124.056151: udelay_ret: (azx_rirb_get_response+0xb3/0x280 [snd_hda_codec] <- __const_udelay) arg1=0x4f54539c34
   kworker/u32:2-72    [001] d...   124.056151: udelay_cal: (__const_udelay+0x0/0x30) loops=42950
   kworker/u32:2-72    [001] d...   124.056161: udelay_ret: (azx_rirb_get_response+0xb3/0x280 [snd_hda_codec] <- __const_udelay) arg1=0x4f545402ff
   kworker/u32:2-72    [001] d...   124.056161: udelay_cal: (__const_udelay+0x0/0x30) loops=42950
   kworker/u32:2-72    [001] d...   124.056179: udelay_ret: (azx_rirb_get_response+0xb3/0x280 [snd_hda_codec] <- __const_udelay) arg1=0x4f5454b257
   kworker/u32:2-72    [001] d...   124.056183: udelay_cal: (__const_udelay+0x0/0x30) loops=42950
   kworker/u32:2-72    [001] d...   124.056194: udelay_ret: (azx_rirb_get_response+0xb3/0x280 [snd_hda_codec] <- __const_udelay) arg1=0x4f54554052
   kworker/u32:2-72    [001] d...   124.056195: udelay_cal: (__const_udelay+0x0/0x30) loops=42950
 analyze_suspend-2488  [003] d...   124.056195: schedule_timeout_ret: (ps2_sendbyte+0xcf/0x150 <- schedule_timeout) arg1=0x2d
   kworker/u32:2-72    [001] d...   124.056205: udelay_ret: (azx_rirb_get_response+0xb3/0x280 [snd_hda_codec] <- __const_udelay) arg1=0x4f5455ae25
 analyze_suspend-2488  [003] d...   124.056205: udelay_cal: (__const_udelay+0x0/0x30) loops=214750
   kworker/u32:2-72    [001] d...   124.056206: udelay_cal: (__const_udelay+0x0/0x30) loops=42950
   kworker/u32:2-72    [001] d...   124.056216: udelay_ret: (azx_rirb_get_response+0xb3/0x280 [snd_hda_codec] <- __const_udelay) arg1=0x4f54561801
   kworker/u32:0-6     [000] d...   124.056217: mutex_lock_slowpath_ret: (mutex_lock+0x1f/0x30 <- __mutex_lock_slowpath) arg1=0x1
   kworker/u32:2-72    [001] ....   124.056221: device_pm_callback_end: snd_hda_codec_hdmi hdaudioC0D3, err=0
   kworker/u32:0-6     [000] d...   124.056235: udelay_cal: (__const_udelay+0x0/0x30) loops=42950
   kworker/u32:0-6     [000] d...   124.056246: udelay_ret: (azx_rirb_get_response+0xb3/0x280 [snd_hda_codec] <- __const_udelay) arg1=0x4f54573811
   kworker/u32:0-6     [000] d...   124.056246: udelay_cal: (__const_udelay+0x0/0x30) loops=42950
 analyze_suspend-2488  [003] d...   124.056256: udelay_ret: (i8042_wait_write+0x2e/0x60 <- __const_udelay) arg1=0x4f545799ef
   kworker/u32:0-6     [000] d...   124.056256: udelay_ret: (azx_rirb_get_response+0xb3/0x280 [snd_hda_codec] <- __const_udelay) arg1=0x4f54579fdb
   kworker/u32:0-6     [000] d...   124.056257: udelay_cal: (__const_udelay+0x0/0x30) loops=42950
 analyze_suspend-2488  [003] d...   124.056262: schedule_timeout_cal: (schedule_timeout+0x0/0x3c0) timeout=50
   kworker/u32:0-6     [000] d...   124.056267: udelay_ret: (azx_rirb_get_response+0xb3/0x280 [snd_hda_codec] <- __const_udelay) arg1=0x4f5458088b
   kworker/u32:0-6     [000] d...   124.056267: udelay_cal: (__const_udelay+0x0/0x30) loops=42950
   kworker/u32:0-6     [000] d...   124.056278: udelay_ret: (azx_rirb_get_response+0xb3/0x280 [snd_hda_codec] <- __const_udelay) arg1=0x4f54587197
   kworker/u32:0-6     [000] d...   124.056278: udelay_cal: (__const_udelay+0x0/0x30) loops=42950
   kworker/u32:0-6     [000] d...   124.056288: udelay_ret: (azx_rirb_get_response+0xb3/0x280 [snd_hda_codec] <- __const_udelay) arg1=0x4f5458d929
   kworker/u32:0-6     [000] d...   124.056288: udelay_cal: (__const_udelay+0x0/0x30) loops=42950
   kworker/u32:0-6     [000] d...   124.056307: udelay_ret: (azx_rirb_get_response+0xb3/0x280 [snd_hda_codec] <- __const_udelay) arg1=0x4f54599441
   kworker/u32:0-6     [000] d...   124.056308: udelay_cal: (__const_udelay+0x0/0x30) loops=42950
